---
source: tests/integration/general.rs
expression: stderr
---
error: feature not supported by format
   ┌─ <input>:28:14
   │
28 │         I0 = I0 | I1;
   │              ^^^^^^^ this binary operation not supported in this game


