---
source: tests/integration/anm_features.rs
expression: stderr
---
error: orphaned ANM script with no entry
  ┌─ <input>:5:1
  │  
5 │ ╭ script batman {
6 │ │     nop();
7 │ │ }
  │ ╰─^ orphaned script
  │  
  = at least one `entry` must come before scripts in an ANM file


