---
source: tests/integration/time_label_formatting.rs
expression: decompiled
---
timeline 0 {
}


void sub0() {
+5: // 5
    ins_11(@blob="");
3:
    ins_11(@blob="");
0:
    ins_11(@blob="");
}

