---
source: tests/integration/mapfiles.rs
expression: stderr
---
error: bad ABI for intrinsic: output arg has unexpected encoding (float)
  ┌─ <mapfile-1>:5:4
  │
5 │ 99 fS
  │    ^^ output arg has unexpected encoding (float)


