---
source: tests/integration/image_sources.rs
expression: stderr
---
error: while writing '<output>':in entry 0 (for 'subdir/file.png'): missing required field 'rt_width'!
 = try using '-i ANM_FILE' or '-i path/to/patchdir' to supply a source for the image


