---
source: tests/integration/general.rs
expression: stderr
---
error: non-const string variable
   ┌─ <input>:29:9
   │
29 │         string x = "hi";
   │         ^^^^^^ only possible for const vars


