---
source: tests/integration/mapfiles.rs
expression: stderr
---
error: while resolving 'this/is/a/bad/path': No such file or directory (os error 2)


