---
source: tests/integration/ecl_features.rs
expression: stderr
---
warning: register -10005 used under multiple names
  ┌─ <input>:7:10
  │
7 │ void foo(float x, int a) {
  │          ^^^^^^^
8 │     %REG[-10005] = 24.0;
  │     ^^^^^^^^^^^^


