meta {
    unknown: 0,
    stage_name: "dm",
    bgm_names: ["dm", "dm", " ", " "],
    bgm_paths: ["bgm/th08_08.mid", "bgm/th08_09.mid", " ", " "],
    objects: [],
    instances: [],
}

script main {
+10:
    posKeyframe(0.0, 0.0, 0.0);
    loop {
+5:
    }
    posKeyframe(0.0, 0.0, 0.0);
}
